// Jest Snapshot v1, https://goo.gl/fbAQLP

exports[`ReactionRow should match snapshot, renderContent 1`] = `
<View
  style={
    Object {
      "alignItems": "center",
      "flexDirection": "row",
      "height": 44,
      "justifyContent": "flex-start",
      "width": "100%",
    }
  }
>
  <View
    style={
      Object {
        "alignItems": "center",
        "width": "13%",
      }
    }
  >
    <TouchableOpacity
      activeOpacity={0.2}
      onPress={[Function]}
    >
      <View
        style={
          Object {
            "paddingTop": 3,
          }
        }
      >
        <Connect(ProfilePicture)
          showStatus={false}
          size={24}
          userId="user_id"
        />
      </View>
    </TouchableOpacity>
  </View>
  <Text
    ellipsizeMode="tail"
    numberOfLines={1}
    style={
      Object {
        "flexDirection": "row",
        "width": "74%",
      }
    }
  >
    <Text
      style={
        Object {
          "fontSize": 14,
          "paddingRight": 5,
        }
      }
    >
      @username
    </Text>
    <Text>
        
    </Text>
    <Text
      style={
        Object {
          "color": "rgba(0,0,0,0.5)",
          "fontSize": 14,
        }
      }
    >
      username
    </Text>
  </Text>
  <View
    style={
      Object {
        "alignItems": "center",
        "justifyContent": "center",
        "width": "13%",
      }
    }
  >
    <Connect(Emoji)
      emojiName="smile"
      size={24}
    />
  </View>
</View>
`;
