// Jest Snapshot v1, https://goo.gl/fbAQLP

exports[`Badge should match snapshot 1`] = `
<View
  style={
    Array [
      Object {
        "backgroundColor": "#444",
        "borderRadius": 20,
        "height": 20,
        "padding": 12,
        "paddingBottom": 3,
        "paddingTop": 3,
        "position": "absolute",
        "right": 30,
        "top": 2,
      },
      Object {
        "backgroundColor": "#ffffff",
      },
      Object {
        "opacity": 0,
      },
    ]
  }
>
  <View
    style={
      Object {
        "alignItems": "center",
        "alignSelf": "center",
        "flex": 1,
        "justifyContent": "center",
      }
    }
  >
    <View
      style={
        Object {
          "alignItems": "center",
          "flex": 1,
          "flexDirection": "row",
          "justifyContent": "center",
          "textAlignVertical": "center",
        }
      }
    >
      <Text
        onLayout={[Function]}
        style={
          Array [
            Object {
              "color": "white",
              "fontSize": 14,
            },
            Object {
              "color": "#145dbf",
              "fontSize": 10,
            },
          ]
        }
      >
        1
      </Text>
    </View>
  </View>
</View>
`;
