// Jest Snapshot v1, https://goo.gl/fbAQLP

exports[`DisplaySettings should match snapshot 1`] = `
<View
  style={
    Object {
      "backgroundColor": "#ffffff",
      "flex": 1,
    }
  }
>
  <Connect(StatusBar) />
  <View
    style={
      Object {
        "backgroundColor": "rgba(61,60,64,0.06)",
        "flex": 1,
        "paddingTop": 35,
      }
    }
  >
    <View
      style={
        Object {
          "backgroundColor": "rgba(61,60,64,0.1)",
          "height": 1,
        }
      }
    />
    <SettingsItem
      defaultMessage="Clock Display"
      i18nId="mobile.advanced_settings.clockDisplay"
      iconName="ios-time"
      iconType="ion"
      isDestructor={false}
      onPress={[Function]}
      separator={false}
      showArrow={false}
      theme={
        Object {
          "awayIndicator": "#ffbc42",
          "buttonBg": "#166de0",
          "buttonColor": "#ffffff",
          "centerChannelBg": "#ffffff",
          "centerChannelColor": "#3d3c40",
          "codeTheme": "github",
          "dndIndicator": "#f74343",
          "errorTextColor": "#fd5960",
          "linkColor": "#2389d7",
          "mentionBj": "#ffffff",
          "mentionColor": "#145dbf",
          "mentionHighlightBg": "#ffe577",
          "mentionHighlightLink": "#166de0",
          "newMessageSeparator": "#ff8800",
          "onlineIndicator": "#06d6a0",
          "sidebarBg": "#145dbf",
          "sidebarHeaderBg": "#1153ab",
          "sidebarHeaderTextColor": "#ffffff",
          "sidebarText": "#ffffff",
          "sidebarTextActiveBorder": "#579eff",
          "sidebarTextActiveColor": "#ffffff",
          "sidebarTextHoverBg": "#4578bf",
          "sidebarUnreadText": "#ffffff",
          "type": "Mattermost",
        }
      }
    />
    <View
      style={
        Object {
          "backgroundColor": "rgba(61,60,64,0.1)",
          "height": 1,
        }
      }
    />
  </View>
</View>
`;
