// Jest Snapshot v1, https://goo.gl/fbAQLP

exports[`UserListRow should match snapshot 1`] = `
<View
  style={
    Object {
      "flex": 1,
      "flexDirection": "row",
      "marginHorizontal": 10,
      "overflow": "hidden",
    }
  }
>
  <CustomListRow
    enabled={true}
    id="21345"
    onPress={[Function]}
  >
    <View
      style={
        Object {
          "alignItems": "center",
          "color": "#3d3c40",
          "flexDirection": "row",
        }
      }
    >
      <Connect(ProfilePicture)
        size={32}
        userId="21345"
      />
    </View>
    <View
      style={
        Object {
          "flex": 1,
          "flexDirection": "column",
          "justifyContent": "center",
          "marginLeft": 10,
        }
      }
    >
      <View>
        <View
          style={
            Object {
              "flexDirection": "row",
            }
          }
        >
          <Text
            ellipsizeMode="tail"
            numberOfLines={1}
            style={
              Object {
                "color": "#3d3c40",
                "fontSize": 15,
              }
            }
          >
            @user
          </Text>
          <BotTag
            show={false}
            theme={
              Object {
                "awayIndicator": "#ffbc42",
                "buttonBg": "#166de0",
                "buttonColor": "#ffffff",
                "centerChannelBg": "#ffffff",
                "centerChannelColor": "#3d3c40",
                "codeTheme": "github",
                "dndIndicator": "#f74343",
                "errorTextColor": "#fd5960",
                "linkColor": "#2389d7",
                "mentionBj": "#ffffff",
                "mentionColor": "#145dbf",
                "mentionHighlightBg": "#ffe577",
                "mentionHighlightLink": "#166de0",
                "newMessageSeparator": "#ff8800",
                "onlineIndicator": "#06d6a0",
                "sidebarBg": "#145dbf",
                "sidebarHeaderBg": "#1153ab",
                "sidebarHeaderTextColor": "#ffffff",
                "sidebarText": "#ffffff",
                "sidebarTextActiveBorder": "#579eff",
                "sidebarTextActiveColor": "#ffffff",
                "sidebarTextHoverBg": "#4578bf",
                "sidebarUnreadText": "#ffffff",
                "type": "Mattermost",
              }
            }
          />
        </View>
      </View>
    </View>
  </CustomListRow>
</View>
`;

exports[`UserListRow should match snapshot for  currentUser with (you) populated in list 1`] = `
<View
  style={
    Object {
      "flex": 1,
      "flexDirection": "row",
      "marginHorizontal": 10,
      "overflow": "hidden",
    }
  }
>
  <CustomListRow
    enabled={true}
    id="21345"
    onPress={[Function]}
  >
    <View
      style={
        Object {
          "alignItems": "center",
          "color": "#3d3c40",
          "flexDirection": "row",
        }
      }
    >
      <Connect(ProfilePicture)
        size={32}
        userId="21345"
      />
    </View>
    <View
      style={
        Object {
          "flex": 1,
          "flexDirection": "column",
          "justifyContent": "center",
          "marginLeft": 10,
        }
      }
    >
      <View>
        <View
          style={
            Object {
              "flexDirection": "row",
            }
          }
        >
          <Text
            ellipsizeMode="tail"
            numberOfLines={1}
            style={
              Object {
                "color": "#3d3c40",
                "fontSize": 15,
              }
            }
          />
          <BotTag
            show={false}
            theme={
              Object {
                "awayIndicator": "#ffbc42",
                "buttonBg": "#166de0",
                "buttonColor": "#ffffff",
                "centerChannelBg": "#ffffff",
                "centerChannelColor": "#3d3c40",
                "codeTheme": "github",
                "dndIndicator": "#f74343",
                "errorTextColor": "#fd5960",
                "linkColor": "#2389d7",
                "mentionBj": "#ffffff",
                "mentionColor": "#145dbf",
                "mentionHighlightBg": "#ffe577",
                "mentionHighlightLink": "#166de0",
                "newMessageSeparator": "#ff8800",
                "onlineIndicator": "#06d6a0",
                "sidebarBg": "#145dbf",
                "sidebarHeaderBg": "#1153ab",
                "sidebarHeaderTextColor": "#ffffff",
                "sidebarText": "#ffffff",
                "sidebarTextActiveBorder": "#579eff",
                "sidebarTextActiveColor": "#ffffff",
                "sidebarTextHoverBg": "#4578bf",
                "sidebarUnreadText": "#ffffff",
                "type": "Mattermost",
              }
            }
          />
        </View>
      </View>
    </View>
  </CustomListRow>
</View>
`;

exports[`UserListRow should match snapshot for deactivated user 1`] = `
<View
  style={
    Object {
      "flex": 1,
      "flexDirection": "row",
      "marginHorizontal": 10,
      "overflow": "hidden",
    }
  }
>
  <CustomListRow
    enabled={true}
    id="21345"
    onPress={[Function]}
  >
    <View
      style={
        Object {
          "alignItems": "center",
          "color": "#3d3c40",
          "flexDirection": "row",
        }
      }
    >
      <Connect(ProfilePicture)
        size={32}
        userId="21345"
      />
    </View>
    <View
      style={
        Object {
          "flex": 1,
          "flexDirection": "column",
          "justifyContent": "center",
          "marginLeft": 10,
        }
      }
    >
      <View>
        <View
          style={
            Object {
              "flexDirection": "row",
            }
          }
        >
          <Text
            ellipsizeMode="tail"
            numberOfLines={1}
            style={
              Object {
                "color": "#3d3c40",
                "fontSize": 15,
              }
            }
          >
            @user
          </Text>
          <BotTag
            show={false}
            theme={
              Object {
                "awayIndicator": "#ffbc42",
                "buttonBg": "#166de0",
                "buttonColor": "#ffffff",
                "centerChannelBg": "#ffffff",
                "centerChannelColor": "#3d3c40",
                "codeTheme": "github",
                "dndIndicator": "#f74343",
                "errorTextColor": "#fd5960",
                "linkColor": "#2389d7",
                "mentionBj": "#ffffff",
                "mentionColor": "#145dbf",
                "mentionHighlightBg": "#ffe577",
                "mentionHighlightLink": "#166de0",
                "newMessageSeparator": "#ff8800",
                "onlineIndicator": "#06d6a0",
                "sidebarBg": "#145dbf",
                "sidebarHeaderBg": "#1153ab",
                "sidebarHeaderTextColor": "#ffffff",
                "sidebarText": "#ffffff",
                "sidebarTextActiveBorder": "#579eff",
                "sidebarTextActiveColor": "#ffffff",
                "sidebarTextHoverBg": "#4578bf",
                "sidebarUnreadText": "#ffffff",
                "type": "Mattermost",
              }
            }
          />
        </View>
      </View>
      <View>
        <Text
          style={
            Object {
              "color": undefined,
              "fontSize": 12,
              "marginTop": 2,
            }
          }
        />
      </View>
    </View>
  </CustomListRow>
</View>
`;
