// Jest Snapshot v1, https://goo.gl/fbAQLP

exports[`NotificationSettingsEmailAndroid should match snapshot 1`] = `
<sectionItem
  action={[Function]}
  actionType="default"
  description={
    <FormattedText
      defaultMessage="Immediately"
      id="user.settings.notifications.email.immediately"
    />
  }
  label={
    <FormattedText
      defaultMessage="Send email notifications"
      id="user.settings.notifications.email.send"
    />
  }
  theme={
    Object {
      "awayIndicator": "#ffbc42",
      "buttonBg": "#166de0",
      "buttonColor": "#ffffff",
      "centerChannelBg": "#ffffff",
      "centerChannelColor": "#3d3c40",
      "codeTheme": "github",
      "dndIndicator": "#f74343",
      "errorTextColor": "#fd5960",
      "linkColor": "#2389d7",
      "mentionBj": "#ffffff",
      "mentionColor": "#145dbf",
      "mentionHighlightBg": "#ffe577",
      "mentionHighlightLink": "#166de0",
      "newMessageSeparator": "#ff8800",
      "onlineIndicator": "#06d6a0",
      "sidebarBg": "#145dbf",
      "sidebarHeaderBg": "#1153ab",
      "sidebarHeaderTextColor": "#ffffff",
      "sidebarText": "#ffffff",
      "sidebarTextActiveBorder": "#579eff",
      "sidebarTextActiveColor": "#ffffff",
      "sidebarTextHoverBg": "#4578bf",
      "sidebarUnreadText": "#ffffff",
      "type": "Mattermost",
    }
  }
/>
`;

exports[`NotificationSettingsEmailAndroid should match snapshot 2`] = `
<Component
  animationType="slide"
  hardwareAccelerated={false}
  onRequestClose={[Function]}
  transparent={true}
  visible={false}
>
  <View>
    <View
      style={Object {}}
    >
      <View
        style={Object {}}
      >
        <View
          style={Object {}}
        >
          <FormattedText
            defaultMessage="Send email notifications"
            id="user.settings.notifications.email.send"
            style={Object {}}
          />
        </View>
        <RadioButtonGroup
          name="emailSettings"
          onSelect={[Function]}
          options={
            Array [
              Object {
                "checked": true,
                "label": "Immediately",
                "value": "30",
              },
              Object {
                "checked": false,
                "label": "Never",
                "value": "0",
              },
            ]
          }
        />
        <FormattedText
          defaultMessage="Email notifications are sent for mentions and direct messages when you are offline or away from {siteName} for more than 5 minutes."
          id="user.settings.notifications.emailInfo"
          style={Object {}}
          values={
            Object {
              "siteName": "Mattermost",
            }
          }
        />
      </View>
      <View
        style={Object {}}
      >
        <View
          style={Object {}}
        />
        <View
          style={Object {}}
        >
          <TouchableOpacity
            activeOpacity={0.2}
            onPress={[Function]}
            style={Object {}}
          >
            <FormattedText
              defaultMessage="CANCEL"
              id="mobile.notification_settings.modal_cancel"
              style={Object {}}
            />
          </TouchableOpacity>
          <View>
            <View
              style={
                Object {
                  "marginRight": 10,
                }
              }
            />
            <TouchableOpacity
              activeOpacity={0.2}
              onPress={[Function]}
              style={Object {}}
            >
              <FormattedText
                defaultMessage="SAVE"
                id="mobile.notification_settings.modal_save"
                style={Object {}}
              />
            </TouchableOpacity>
          </View>
        </View>
      </View>
    </View>
  </View>
</Component>
`;
