// Jest Snapshot v1, https://goo.gl/fbAQLP

exports[`Search RecentItem should match snapshot and respond to events 1`] = `
<TouchableHighlight
  activeOpacity={0.85}
  delayPressOut={100}
  onPress={[Function]}
  underlayColor="rgba(69,120,191,0.5)"
>
  <View
    style={
      Object {
        "alignItems": "center",
        "flex": 1,
        "flexDirection": "row",
        "height": 42,
      }
    }
  >
    <Text
      style={
        Object {
          "color": "#3d3c40",
          "flex": 1,
          "fontSize": 14,
          "height": 20,
          "paddingHorizontal": 16,
        }
      }
    >
      test
    </Text>
    <TouchableOpacity
      activeOpacity={0.2}
      onPress={[Function]}
      style={
        Object {
          "alignItems": "center",
          "height": 42,
          "justifyContent": "center",
          "width": 50,
        }
      }
    >
      <Icon
        allowFontScaling={false}
        color="rgba(61,60,64,0.6)"
        name="ios-close-circle-outline"
        size={20}
      />
    </TouchableOpacity>
  </View>
</TouchableHighlight>
`;
